[ktmathugama.wixsite.com/muse-digital-limited.html]
[ktmathugama.wixsite.com/c.1.delayed]
[ktmathugama.wixsite.com/t.2.delayed]
[backblue.gif]
[fade.gif]
[index.html]
[ktmathugama.wixsite.com/index.html]
[ktmathugama.wixsite.com/_https_/i.ytimg.com/vi/3ohkao9y_z4/maxresdefault.3.delayed]
[ktmathugama.wixsite.com/media/emptystate.85a4add5.4.delayed]
[ktmathugama.wixsite.com/sitemap.6.delayed]
[ktmathugama.wixsite.com/muse-digital-limited/team-members.html]
[ktmathugama.wixsite.com/api/index.html]
[ktmathugama.wixsite.com/envelope/index.html]
[ktmathugama.wixsite.com/feed.7.delayed]
[ktmathugama.wixsite.com/decodeURIComponent(e.8.delayed]
[ktmathugama.wixsite.com/muse-digital-limited.html]
[ktmathugama.wixsite.com/c.html]
[ktmathugama.wixsite.com/t.html]
[ktmathugama.wixsite.com/index.html]
[ktmathugama.wixsite.com/_https_/i.ytimg.com/vi/3ohkao9y_z4/maxresdefault.html]
[ktmathugama.wixsite.com/media/emptystate.85a4add5.html]
[ktmathugama.wixsite.com/muse-digital-limited/c.9.delayed]
[ktmathugama.wixsite.com/muse-digital-limited/t.a.delayed]
[ktmathugama.wixsite.com/muse-digital-limited/robots.b.delayed]
[ktmathugama.wixsite.com/muse-digital-limited/sitemap.c.delayed]
[ktmathugama.wixsite.com/muse-digital-limited/feed.d.delayed]
[ktmathugama.wixsite.com/muse-digital-limited/decodeURIComponent(e.e.delayed]
[ktmathugama.wixsite.com/muse-digital-limited/team-members.html]
[ktmathugama.wixsite.com/api/index.html]
[ktmathugama.wixsite.com/envelope/index.html]
[ktmathugama.wixsite.com/sitemap.html]
[ktmathugama.wixsite.com/feed.html]
[ktmathugama.wixsite.com/decodeURIComponent(e.html]
[ktmathugama.wixsite.com/muse-digital-limited/c.html]
[ktmathugama.wixsite.com/muse-digital-limited/t.html]
[ktmathugama.wixsite.com/muse-digital-limited/robots.html]
[ktmathugama.wixsite.com/muse-digital-limited/sitemap.html]
[ktmathugama.wixsite.com/muse-digital-limited/feed.html]
[ktmathugama.wixsite.com/muse-digital-limited/decodeURIComponent(e.html]
