[ktmathugama.wixsite.com/my-site-1.html]
[ktmathugama.wixsite.com/c.1.delayed]
[ktmathugama.wixsite.com/t.2.delayed]
[backblue.gif]
[fade.gif]
[index.html]
[ktmathugama.wixsite.com/index.html]
[ktmathugama.wixsite.com/my-site-1/a-b-o-u-t-e-u-s.html]
[ktmathugama.wixsite.com/my-site-1/team.html]
[ktmathugama.wixsite.com/_https_/i.ytimg.com/vi/3ohkao9y_z4/maxresdefault.5.delayed]
[ktmathugama.wixsite.com/media/emptystate.85a4add5.6.delayed]
[ktmathugama.wixsite.com/api/index.html]
[ktmathugama.wixsite.com/sitemap.7.delayed]
[ktmathugama.wixsite.com/envelope/index.html]
[ktmathugama.wixsite.com/feed.8.delayed]
[ktmathugama.wixsite.com/decodeURIComponent(e.9.delayed]
[ktmathugama.wixsite.com/my-site-1.html]
[ktmathugama.wixsite.com/c.html]
[ktmathugama.wixsite.com/t.html]
[ktmathugama.wixsite.com/index.html]
[ktmathugama.wixsite.com/my-site-1/c.a.delayed]
[ktmathugama.wixsite.com/my-site-1/t.b.delayed]
[ktmathugama.wixsite.com/my-site-1/robots.c.delayed]
[ktmathugama.wixsite.com/my-site-1/sitemap.d.delayed]
[ktmathugama.wixsite.com/my-site-1/feed.e.delayed]
[ktmathugama.wixsite.com/my-site-1/decodeURIComponent(e.f.delayed]
[ktmathugama.wixsite.com/my-site-1/a-b-o-u-t-e-u-s.html]
[ktmathugama.wixsite.com/my-site-1/team/brian-chung.html]
[ktmathugama.wixsite.com/my-site-1/team/kelly-parker.html]
[ktmathugama.wixsite.com/my-site-1/team/ashley-amerson.html]
[ktmathugama.wixsite.com/my-site-1/team/marcus-harris.html]
[ktmathugama.wixsite.com/my-site-1/team/brad-grecco.html]
[ktmathugama.wixsite.com/my-site-1/team.html]
[ktmathugama.wixsite.com/_https_/i.ytimg.com/vi/3ohkao9y_z4/maxresdefault.html]
[ktmathugama.wixsite.com/media/emptystate.85a4add5.html]
[ktmathugama.wixsite.com/api/index.html]
[ktmathugama.wixsite.com/envelope/index.html]
[ktmathugama.wixsite.com/sitemap.html]
[ktmathugama.wixsite.com/feed.html]
[ktmathugama.wixsite.com/decodeURIComponent(e.html]
[ktmathugama.wixsite.com/my-site-1/c.html]
[ktmathugama.wixsite.com/my-site-1/t.html]
[ktmathugama.wixsite.com/my-site-1/robots.html]
[ktmathugama.wixsite.com/my-site-1/sitemap.html]
[ktmathugama.wixsite.com/my-site-1/feed.html]
[ktmathugama.wixsite.com/my-site-1/decodeURIComponent(e.html]
[ktmathugama.wixsite.com/my-site-1/team/camilla-jones.html]
[ktmathugama.wixsite.com/my-site-1/team/c.16.delayed]
[ktmathugama.wixsite.com/my-site-1/team/t.17.delayed]
[ktmathugama.wixsite.com/my-site-1/team/robots.18.delayed]
[ktmathugama.wixsite.com/my-site-1/team/sitemap.19.delayed]
[ktmathugama.wixsite.com/my-site-1/team/feed.1a.delayed]
[ktmathugama.wixsite.com/my-site-1/team/brian-chung.html]
[ktmathugama.wixsite.com/my-site-1/team/kelly-parker.html]
[ktmathugama.wixsite.com/my-site-1/team/ashley-amerson.html]
[ktmathugama.wixsite.com/my-site-1/team/marcus-harris.html]
[ktmathugama.wixsite.com/my-site-1/team/brad-grecco.html]
[ktmathugama.wixsite.com/my-site-1/team/camilla-jones.html]
[ktmathugama.wixsite.com/my-site-1/team/c.html]
[ktmathugama.wixsite.com/my-site-1/team/t.html]
[ktmathugama.wixsite.com/my-site-1/team/robots.html]
[ktmathugama.wixsite.com/my-site-1/team/sitemap.html]
[ktmathugama.wixsite.com/my-site-1/team/feed.html]
[ktmathugama.wixsite.com/my-site-1/team/decodeURIComponent(e.html]
[ktmathugama.wixsite.com/my-site-1/team/decodeuricomponent(e.1c.delayed]
[ktmathugama.wixsite.com/my-site-1/team/decodeURIComponent(e.html]
[ktmathugama.wixsite.com/my-site-1/team/decodeuricomponent(e-2.html]
